// Jest Snapshot v1, https://goo.gl/fbAQLP

exports[`NavigationBar renders without crashing 1`] = `
<header>
  <nav
    className="flex items-center justify-between flex-wrap bg-transparent p-6 border-b"
  >
    <div
      className="flex items-center flex-shrink-0 mr-6"
    >
      <img
        alt="Tomato Icon"
        className="fill-current h-8 w-8 mr-3"
        src="icon.svg"
        width="54"
      />
      <span
        className="font-bold text-xl tracking-tight"
      >
        Tomato
      </span>
    </div>
  </nav>
</header>
`;
